I'm sorry, but errors were detected in your script. Please correct the
errors listed below, and try again.


File "game/script.rpy", line 210: expected statement.
    text_color = (0, 0, 0, 0)
               ^

Ren'Py Version: Ren'Py 8.0.3.22090809
Sun Apr 16 18:05:53 2023
